
> portfolio@0.0.0 build
> tsc -b && vite build

[36mvite v8.0.0 [32mbuilding client environment for production...[36m[39m
[2K
transforming...Γ£ô 1740 modules transformed.
rendering chunks...
computing gzip size...
dist/index.html                   0.46 kB Γöé gzip:  0.30 kB
dist/assets/index-D9W0QPa0.css    6.26 kB Γöé gzip:  1.88 kB
dist/assets/index-oaGoj-YG.js   225.95 kB Γöé gzip: 73.83 kB

[32mΓ£ô built in 2.23s[39m
